[backblue.gif]
[fade.gif]
[index.html]
[stackpath.bootstrapcdn.com/bootstrap/4.3.1/css/bootstrap.min.css]
[goldbots.glitch.me/main.js]
[use.fontawesome.com/releases/v5.7.2/css/all.css]
[www.w3schools.com/w3css/4/w3.css]
[code.jquery.com/jquery-3.3.1.slim.min.js]
[cdnjs.cloudflare.com/ajax/libs/popper.js/1.14.7/umd/popper.min.js]
[cdnjs.cloudflare.com/ajax/libs/sweetalert/2.1.2/sweetalert.min.js]
[ajax.googleapis.com/ajax/libs/jquery/3.3.1/jquery.min.js]
[cdn.discordapp.com/avatars/561257055923732511/0a0c7d52a2bebd97c9dbbc6ca1d71d0dbd5f.png]
[goldbots.glitch.me/index.html]
[stackpath.bootstrapcdn.com/bootstrap/4.3.1/css/bootstrap.min.css]
[use.fontawesome.com/releases/v5.7.2/css/all.css]
[goldbots.glitch.me/css/main.html]
[cdn.discordapp.com/attachments/568262105526960131/569061620563705856/52.png]
[goldbots.glitch.me/style.css]
[www.w3schools.com/w3css/4/w3.css]
[goldbots.glitch.me/animate.html]
[goldbots.glitch.me/stats.html]
[cdn.discordapp.com/avatars/543434595601743883/a_661e1ade15d3322e3d941dc1d4dc4258.gif]
[cdn.discordapp.com/avatars/519896224229228544/6332bcdec30112568883727e0c54e64fbd5f.png]
[cdn.discordapp.com/avatars/432231487916736542/458afd11b7f3f209701b311f1092b11bbd5f.png]
[cdn.discordapp.com/avatars/489250265485279243/d4548da8d0cb6b8bf8402440a80e0011bd5f.png]
[cdn.discordapp.com/avatars/456263449295585281/a_189acf339d0ec762f2b826b95fbfd637.gif]
[goldbots.glitch.me/devs.html]
[goldbots.glitch.me/cmds.html]
[stackpath.bootstrapcdn.com/bootstrap/4.3.1/js/bootstrap.min.js]
